Archive member included to satisfy reference by file (symbol)

/opt/tools/riscv/lib/gcc/riscv32-unknown-elf/8.3.0/libgcc.a(_divdi3.o)
                              firmware/multest.o (__divdi3)
/opt/tools/riscv/lib/gcc/riscv32-unknown-elf/8.3.0/libgcc.a(_moddi3.o)
                              firmware/multest.o (__moddi3)
/opt/tools/riscv/lib/gcc/riscv32-unknown-elf/8.3.0/libgcc.a(_udivdi3.o)
                              firmware/multest.o (__udivdi3)
/opt/tools/riscv/lib/gcc/riscv32-unknown-elf/8.3.0/libgcc.a(_umoddi3.o)
                              firmware/multest.o (__umoddi3)
/opt/tools/riscv/lib/gcc/riscv32-unknown-elf/8.3.0/libgcc.a(muldi3.o)
                              firmware/multest.o (__mulsi3)
/opt/tools/riscv/lib/gcc/riscv32-unknown-elf/8.3.0/libgcc.a(multi3.o)
                              firmware/multest.o (__muldi3)
/opt/tools/riscv/lib/gcc/riscv32-unknown-elf/8.3.0/libgcc.a(div.o)
                              /opt/tools/riscv/lib/gcc/riscv32-unknown-elf/8.3.0/libgcc.a(_divdi3.o) (__divsi3)
/opt/tools/riscv/lib/gcc/riscv32-unknown-elf/8.3.0/libgcc.a(_clz.o)
                              /opt/tools/riscv/lib/gcc/riscv32-unknown-elf/8.3.0/libgcc.a(_divdi3.o) (__clz_tab)

Discarded input sections

 .debug_info    0x0000000000000000     0x1373 /opt/tools/riscv/lib/gcc/riscv32-unknown-elf/8.3.0/libgcc.a(_divdi3.o)
 .debug_abbrev  0x0000000000000000      0x2f8 /opt/tools/riscv/lib/gcc/riscv32-unknown-elf/8.3.0/libgcc.a(_divdi3.o)
 .debug_loc     0x0000000000000000      0x97b /opt/tools/riscv/lib/gcc/riscv32-unknown-elf/8.3.0/libgcc.a(_divdi3.o)
 .debug_aranges
                0x0000000000000000       0x20 /opt/tools/riscv/lib/gcc/riscv32-unknown-elf/8.3.0/libgcc.a(_divdi3.o)
 .debug_ranges  0x0000000000000000       0xf8 /opt/tools/riscv/lib/gcc/riscv32-unknown-elf/8.3.0/libgcc.a(_divdi3.o)
 .debug_line    0x0000000000000000      0x9c7 /opt/tools/riscv/lib/gcc/riscv32-unknown-elf/8.3.0/libgcc.a(_divdi3.o)
 .debug_str     0x0000000000000000      0x86a /opt/tools/riscv/lib/gcc/riscv32-unknown-elf/8.3.0/libgcc.a(_divdi3.o)
 .debug_info    0x0000000000000000     0x13ae /opt/tools/riscv/lib/gcc/riscv32-unknown-elf/8.3.0/libgcc.a(_moddi3.o)
 .debug_abbrev  0x0000000000000000      0x2ef /opt/tools/riscv/lib/gcc/riscv32-unknown-elf/8.3.0/libgcc.a(_moddi3.o)
 .debug_loc     0x0000000000000000      0x8f8 /opt/tools/riscv/lib/gcc/riscv32-unknown-elf/8.3.0/libgcc.a(_moddi3.o)
 .debug_aranges
                0x0000000000000000       0x20 /opt/tools/riscv/lib/gcc/riscv32-unknown-elf/8.3.0/libgcc.a(_moddi3.o)
 .debug_ranges  0x0000000000000000       0xe0 /opt/tools/riscv/lib/gcc/riscv32-unknown-elf/8.3.0/libgcc.a(_moddi3.o)
 .debug_line    0x0000000000000000      0x9e5 /opt/tools/riscv/lib/gcc/riscv32-unknown-elf/8.3.0/libgcc.a(_moddi3.o)
 .debug_str     0x0000000000000000      0x86a /opt/tools/riscv/lib/gcc/riscv32-unknown-elf/8.3.0/libgcc.a(_moddi3.o)
 .debug_info    0x0000000000000000     0x133d /opt/tools/riscv/lib/gcc/riscv32-unknown-elf/8.3.0/libgcc.a(_udivdi3.o)
 .debug_abbrev  0x0000000000000000      0x2e0 /opt/tools/riscv/lib/gcc/riscv32-unknown-elf/8.3.0/libgcc.a(_udivdi3.o)
 .debug_loc     0x0000000000000000      0xba9 /opt/tools/riscv/lib/gcc/riscv32-unknown-elf/8.3.0/libgcc.a(_udivdi3.o)
 .debug_aranges
                0x0000000000000000       0x20 /opt/tools/riscv/lib/gcc/riscv32-unknown-elf/8.3.0/libgcc.a(_udivdi3.o)
 .debug_ranges  0x0000000000000000      0x110 /opt/tools/riscv/lib/gcc/riscv32-unknown-elf/8.3.0/libgcc.a(_udivdi3.o)
 .debug_line    0x0000000000000000      0x900 /opt/tools/riscv/lib/gcc/riscv32-unknown-elf/8.3.0/libgcc.a(_udivdi3.o)
 .debug_str     0x0000000000000000      0x86b /opt/tools/riscv/lib/gcc/riscv32-unknown-elf/8.3.0/libgcc.a(_udivdi3.o)
 .debug_info    0x0000000000000000     0x1387 /opt/tools/riscv/lib/gcc/riscv32-unknown-elf/8.3.0/libgcc.a(_umoddi3.o)
 .debug_abbrev  0x0000000000000000      0x2e8 /opt/tools/riscv/lib/gcc/riscv32-unknown-elf/8.3.0/libgcc.a(_umoddi3.o)
 .debug_loc     0x0000000000000000      0x905 /opt/tools/riscv/lib/gcc/riscv32-unknown-elf/8.3.0/libgcc.a(_umoddi3.o)
 .debug_aranges
                0x0000000000000000       0x20 /opt/tools/riscv/lib/gcc/riscv32-unknown-elf/8.3.0/libgcc.a(_umoddi3.o)
 .debug_ranges  0x0000000000000000       0xe8 /opt/tools/riscv/lib/gcc/riscv32-unknown-elf/8.3.0/libgcc.a(_umoddi3.o)
 .debug_line    0x0000000000000000      0x92e /opt/tools/riscv/lib/gcc/riscv32-unknown-elf/8.3.0/libgcc.a(_umoddi3.o)
 .debug_str     0x0000000000000000      0x86b /opt/tools/riscv/lib/gcc/riscv32-unknown-elf/8.3.0/libgcc.a(_umoddi3.o)
 .debug_line    0x0000000000000000       0x92 /opt/tools/riscv/lib/gcc/riscv32-unknown-elf/8.3.0/libgcc.a(muldi3.o)
 .debug_info    0x0000000000000000       0x26 /opt/tools/riscv/lib/gcc/riscv32-unknown-elf/8.3.0/libgcc.a(muldi3.o)
 .debug_abbrev  0x0000000000000000       0x14 /opt/tools/riscv/lib/gcc/riscv32-unknown-elf/8.3.0/libgcc.a(muldi3.o)
 .debug_aranges
                0x0000000000000000       0x20 /opt/tools/riscv/lib/gcc/riscv32-unknown-elf/8.3.0/libgcc.a(muldi3.o)
 .debug_str     0x0000000000000000       0x9c /opt/tools/riscv/lib/gcc/riscv32-unknown-elf/8.3.0/libgcc.a(muldi3.o)
 .debug_info    0x0000000000000000      0xd15 /opt/tools/riscv/lib/gcc/riscv32-unknown-elf/8.3.0/libgcc.a(multi3.o)
 .debug_abbrev  0x0000000000000000      0x26f /opt/tools/riscv/lib/gcc/riscv32-unknown-elf/8.3.0/libgcc.a(multi3.o)
 .debug_loc     0x0000000000000000      0x176 /opt/tools/riscv/lib/gcc/riscv32-unknown-elf/8.3.0/libgcc.a(multi3.o)
 .debug_aranges
                0x0000000000000000       0x20 /opt/tools/riscv/lib/gcc/riscv32-unknown-elf/8.3.0/libgcc.a(multi3.o)
 .debug_line    0x0000000000000000      0x401 /opt/tools/riscv/lib/gcc/riscv32-unknown-elf/8.3.0/libgcc.a(multi3.o)
 .debug_str     0x0000000000000000      0x83e /opt/tools/riscv/lib/gcc/riscv32-unknown-elf/8.3.0/libgcc.a(multi3.o)
 .debug_frame   0x0000000000000000       0x2c /opt/tools/riscv/lib/gcc/riscv32-unknown-elf/8.3.0/libgcc.a(multi3.o)
 .debug_line    0x0000000000000000      0x168 /opt/tools/riscv/lib/gcc/riscv32-unknown-elf/8.3.0/libgcc.a(div.o)
 .debug_info    0x0000000000000000       0x26 /opt/tools/riscv/lib/gcc/riscv32-unknown-elf/8.3.0/libgcc.a(div.o)
 .debug_abbrev  0x0000000000000000       0x14 /opt/tools/riscv/lib/gcc/riscv32-unknown-elf/8.3.0/libgcc.a(div.o)
 .debug_aranges
                0x0000000000000000       0x20 /opt/tools/riscv/lib/gcc/riscv32-unknown-elf/8.3.0/libgcc.a(div.o)
 .debug_str     0x0000000000000000       0x99 /opt/tools/riscv/lib/gcc/riscv32-unknown-elf/8.3.0/libgcc.a(div.o)
 .debug_info    0x0000000000000000      0xb6a /opt/tools/riscv/lib/gcc/riscv32-unknown-elf/8.3.0/libgcc.a(_clz.o)
 .debug_abbrev  0x0000000000000000      0x1e8 /opt/tools/riscv/lib/gcc/riscv32-unknown-elf/8.3.0/libgcc.a(_clz.o)
 .debug_aranges
                0x0000000000000000       0x18 /opt/tools/riscv/lib/gcc/riscv32-unknown-elf/8.3.0/libgcc.a(_clz.o)
 .debug_line    0x0000000000000000      0x1ee /opt/tools/riscv/lib/gcc/riscv32-unknown-elf/8.3.0/libgcc.a(_clz.o)
 .debug_str     0x0000000000000000      0x7a6 /opt/tools/riscv/lib/gcc/riscv32-unknown-elf/8.3.0/libgcc.a(_clz.o)

Memory Configuration

Name             Origin             Length             Attributes
mem              0x0000000000000000 0x00000000001f8000
*default*        0x0000000000000000 0xffffffffffffffff

Linker script and memory map


.memory         0x0000000000000000     0xcfbc
                0x0000000000000000                . = 0x0
 start*(.text)
 *(.text)
 .text          0x0000000000000000      0x4dc firmware/start.o
                0x0000000000000458                srli_ret
                0x0000000000000458                bgeu_ret
                0x0000000000000458                lbu_ret
                0x0000000000000458                andi_ret
                0x0000000000000458                div_ret
                0x0000000000000458                ori_ret
                0x0000000000000458                mulhsu_ret
                0x0000000000000458                blt_ret
                0x0000000000000458                lb_ret
                0x0000000000000458                xor_ret
                0x0000000000000458                slt_ret
                0x0000000000000458                lw_ret
                0x0000000000000458                jalr_ret
                0x0000000000000458                add_ret
                0x0000000000000458                xori_ret
                0x0000000000000458                srai_ret
                0x0000000000000458                rem_ret
                0x0000000000000458                simple_ret
                0x0000000000000458                mul_ret
                0x0000000000000458                slti_ret
                0x0000000000000458                slli_ret
                0x0000000000000458                lhu_ret
                0x0000000000000458                lui_ret
                0x0000000000000458                or_ret
                0x0000000000000458                sw_ret
                0x0000000000000458                sra_ret
                0x0000000000000458                beq_ret
                0x0000000000000458                remu_ret
                0x0000000000000458                mulh_ret
                0x0000000000000458                and_ret
                0x0000000000000458                mulhu_ret
                0x0000000000000458                bge_ret
                0x0000000000000458                sub_ret
                0x0000000000000458                auipc_ret
                0x0000000000000458                sh_ret
                0x0000000000000458                sll_ret
                0x0000000000000458                jal_ret
                0x0000000000000458                j_ret
                0x0000000000000458                lh_ret
                0x0000000000000458                bne_ret
                0x0000000000000458                sb_ret
                0x0000000000000458                divu_ret
                0x0000000000000458                bltu_ret
                0x0000000000000458                srl_ret
                0x0000000000000458                addi_ret
                0x000000000000049e                hard_mul
                0x00000000000004a4                hard_mulh
                0x00000000000004aa                hard_mulhsu
                0x00000000000004b0                hard_mulhu
                0x00000000000004b6                hard_div
                0x00000000000004bc                hard_divu
                0x00000000000004c2                hard_rem
                0x00000000000004c8                hard_remu
 .text          0x00000000000004dc      0x29a firmware/irq.o
                0x00000000000004dc                irq
 .text          0x0000000000000776       0x90 firmware/print.o
                0x0000000000000776                print_chr
                0x000000000000077e                print_str
                0x0000000000000790                print_dec
                0x00000000000007e0                print_hex
 .text          0x0000000000000806      0x356 firmware/hello.o
                0x0000000000000806                get_num_cycles
                0x000000000000080c                get_num_instr
                0x0000000000000812                sort_print_chr
                0x000000000000081a                sort_print_str
                0x000000000000082c                sort_print_dec
                0x000000000000087c                sort_print_header
                0x00000000000008ba                merge_c
                0x00000000000009ca                bubble_c
                0x00000000000009fe                read_inputs
                0x0000000000000aa6                sort
                0x0000000000000ac6                write_outputs
                0x0000000000000b2c                hello
 .text          0x0000000000000b5c      0x184 firmware/sieve.o
                0x0000000000000bf6                sieve
 .text          0x0000000000000ce0      0x320 firmware/multest.o
                0x0000000000000cfe                multest
 .text          0x0000000000001000      0x11c firmware/stats.o
                0x0000000000001094                stats
 *fill*         0x000000000000111c        0x0 
 .text          0x000000000000111c      0x540 tests/xor.o
                0x000000000000111c                xor
 .text          0x000000000000165c      0x544 tests/or.o
                0x000000000000165c                or
 .text          0x0000000000001ba0      0x4f8 tests/sh.o
                0x0000000000001ba0                sh
 .text          0x0000000000002098      0x540 tests/sub.o
                0x0000000000002098                sub
 .text          0x00000000000025d8      0x2cc tests/lb.o
                0x00000000000025d8                lb
 .text          0x00000000000028a4      0x61c tests/sra.o
                0x00000000000028a4                sra
 .text          0x0000000000002ec0      0x340 tests/blt.o
                0x0000000000002ec0                blt
 .text          0x0000000000003200      0x33c tests/srai.o
                0x0000000000003200                srai
 .text          0x000000000000353c      0x340 tests/beq.o
                0x000000000000353c                beq
 .text          0x000000000000387c      0x30c tests/addi.o
                0x000000000000387c                addi
 .text          0x0000000000003b88      0x548 tests/mul.o
                0x0000000000003b88                mul
 .text          0x00000000000040d0      0x164 tests/divu.o
                0x00000000000040d0                divu
 .text          0x0000000000004234      0x30c tests/lw.o
                0x0000000000004234                lw
 .text          0x0000000000004540      0x15c tests/div.o
                0x0000000000004540                div
 *fill*         0x000000000000469c        0x4 
 .text          0x00000000000046a0       0xcc tests/auipc.o
                0x00000000000046a0                auipc
 .text          0x000000000000476c      0x474 tests/sb.o
                0x000000000000476c                sb
 .text          0x0000000000004be0      0x3d8 tests/bgeu.o
                0x0000000000004be0                bgeu
 .text          0x0000000000004fb8      0x184 tests/jalr.o
                0x0000000000004fb8                jalr
 .text          0x000000000000513c      0x504 tests/sw.o
                0x000000000000513c                sw
 .text          0x0000000000005640      0x268 tests/xori.o
                0x0000000000005640                xori
 .text          0x00000000000058a8      0x5ec tests/sll.o
                0x00000000000058a8                sll
 .text          0x0000000000005e94      0x54c tests/mulhu.o
                0x0000000000005e94                mulhu
 .text          0x00000000000063e0      0x2f8 tests/slti.o
                0x00000000000063e0                slti
 .text          0x00000000000066d8      0x548 tests/slt.o
                0x00000000000066d8                slt
 .text          0x0000000000006c20      0x2cc tests/lbu.o
                0x0000000000006c20                lbu
 .text          0x0000000000006eec      0x300 tests/lhu.o
                0x0000000000006eec                lhu
 .text          0x00000000000071ec       0xe0 tests/lui.o
                0x00000000000071ec                lui
 .text          0x00000000000072cc      0x378 tests/bltu.o
                0x00000000000072cc                bltu
 .text          0x0000000000007644      0x160 tests/remu.o
                0x0000000000007644                remu
 .text          0x00000000000077a4       0x54 tests/simple.o
                0x00000000000077a4                simple
 .text          0x00000000000077f8      0x308 tests/slli.o
                0x00000000000077f8                slli
 .text          0x0000000000007b00      0x244 tests/andi.o
                0x0000000000007b00                andi
 .text          0x0000000000007d44      0x25c tests/ori.o
                0x0000000000007d44                ori
 .text          0x0000000000007fa0      0x2ec tests/lh.o
                0x0000000000007fa0                lh
 .text          0x000000000000828c      0x63c tests/srl.o
                0x000000000000828c                srl
 .text          0x00000000000088c8       0xd8 tests/jal.o
                0x00000000000088c8                jal
 .text          0x00000000000089a0      0x560 tests/add.o
                0x00000000000089a0                add
 .text          0x0000000000008f00      0x538 tests/and.o
                0x0000000000008f00                and
 .text          0x0000000000009438      0x338 tests/srli.o
                0x0000000000009438                srli
 .text          0x0000000000009770       0xbc tests/j.o
                0x0000000000009770                j
 .text          0x000000000000982c      0x344 tests/bne.o
                0x000000000000982c                bne
 .text          0x0000000000009b70      0x3a0 tests/bge.o
                0x0000000000009b70                bge
 .text          0x0000000000009f10      0x15c tests/rem.o
                0x0000000000009f10                rem
 .text          0x000000000000a06c      0x54c tests/mulh.o
                0x000000000000a06c                mulh
 .text          0x000000000000a5b8      0x54c tests/mulhsu.o
                0x000000000000a5b8                mulhsu
 .text          0x000000000000ab04      0x624 /opt/tools/riscv/lib/gcc/riscv32-unknown-elf/8.3.0/libgcc.a(_divdi3.o)
                0x000000000000ab04                __divdi3
 .text          0x000000000000b128      0x548 /opt/tools/riscv/lib/gcc/riscv32-unknown-elf/8.3.0/libgcc.a(_moddi3.o)
                0x000000000000b128                __moddi3
 .text          0x000000000000b670      0x5d4 /opt/tools/riscv/lib/gcc/riscv32-unknown-elf/8.3.0/libgcc.a(_udivdi3.o)
                0x000000000000b670                __udivdi3
 .text          0x000000000000bc44      0x4f0 /opt/tools/riscv/lib/gcc/riscv32-unknown-elf/8.3.0/libgcc.a(_umoddi3.o)
                0x000000000000bc44                __umoddi3
 .text          0x000000000000c134       0x24 /opt/tools/riscv/lib/gcc/riscv32-unknown-elf/8.3.0/libgcc.a(muldi3.o)
                0x000000000000c134                __mulsi3
 .text          0x000000000000c158       0x90 /opt/tools/riscv/lib/gcc/riscv32-unknown-elf/8.3.0/libgcc.a(multi3.o)
                0x000000000000c158                __muldi3
 .text          0x000000000000c1e8       0xb4 /opt/tools/riscv/lib/gcc/riscv32-unknown-elf/8.3.0/libgcc.a(div.o)
                0x000000000000c1e8                __divsi3
                0x000000000000c1f0                __udivsi3
                0x000000000000c238                __umodsi3
                0x000000000000c26c                __modsi3
 .text          0x000000000000c29c        0x0 /opt/tools/riscv/lib/gcc/riscv32-unknown-elf/8.3.0/libgcc.a(_clz.o)
 *(*)
 .data          0x000000000000c29c        0x0 firmware/start.o
 .bss           0x000000000000c29c        0x0 firmware/start.o
 .riscv.attributes
                0x000000000000c29c       0x24 firmware/start.o
 .data          0x000000000000c2c0        0x0 firmware/irq.o
 .bss           0x000000000000c2c0        0x0 firmware/irq.o
 .rodata.str1.4
                0x000000000000c2c0      0x167 firmware/irq.o
                                        0x16b (size before relaxing)
 *fill*         0x000000000000c427        0x1 
 .sbss          0x000000000000c428        0xc firmware/irq.o
 .comment       0x000000000000c434       0x11 firmware/irq.o
                                         0x12 (size before relaxing)
 .riscv.attributes
                0x000000000000c445       0x21 firmware/irq.o
 .data          0x000000000000c466        0x0 firmware/print.o
 .bss           0x000000000000c466        0x0 firmware/print.o
 *fill*         0x000000000000c466        0x2 
 .rodata.str1.4
                0x000000000000c468       0x11 firmware/print.o
 .comment       0x000000000000c479       0x12 firmware/print.o
 .riscv.attributes
                0x000000000000c479       0x21 firmware/print.o
 .data          0x000000000000c49a        0x0 firmware/hello.o
 .bss           0x000000000000c49a        0x0 firmware/hello.o
 *fill*         0x000000000000c49a        0x2 
 .rodata.str1.4
                0x000000000000c49c       0x3a firmware/hello.o
                                         0x3e (size before relaxing)
 .comment       0x000000000000c4d6       0x12 firmware/hello.o
 .riscv.attributes
                0x000000000000c4d6       0x21 firmware/hello.o
 .data          0x000000000000c4f7        0x0 firmware/sieve.o
 .bss           0x000000000000c4f7        0x0 firmware/sieve.o
 *fill*         0x000000000000c4f7        0x1 
 .rodata.str1.4
                0x000000000000c4f8       0x40 firmware/sieve.o
 .sbss          0x000000000000c538        0xc firmware/sieve.o
 .comment       0x000000000000c544       0x12 firmware/sieve.o
 .riscv.attributes
                0x000000000000c544       0x21 firmware/sieve.o
 .data          0x000000000000c565        0x0 firmware/multest.o
 .bss           0x000000000000c565        0x0 firmware/multest.o
 *fill*         0x000000000000c565        0x3 
 .rodata.str1.4
                0x000000000000c568       0x50 firmware/multest.o
                                         0x58 (size before relaxing)
 .sdata         0x000000000000c5b8        0x4 firmware/multest.o
 .comment       0x000000000000c5bc       0x12 firmware/multest.o
 .riscv.attributes
                0x000000000000c5bc       0x21 firmware/multest.o
 .data          0x000000000000c5dd        0x0 firmware/stats.o
 .bss           0x000000000000c5dd        0x0 firmware/stats.o
 *fill*         0x000000000000c5dd        0x3 
 .rodata.str1.4
                0x000000000000c5e0       0x3c firmware/stats.o
                                         0x3e (size before relaxing)
 .comment       0x000000000000c61c       0x12 firmware/stats.o
 .riscv.attributes
                0x000000000000c61c       0x21 firmware/stats.o
 *fill*         0x000000000000c63d        0x3 
 .data          0x000000000000c640        0x0 tests/xor.o
 .bss           0x000000000000c640        0x0 tests/xor.o
 .riscv.attributes
                0x000000000000c640       0x1f tests/xor.o
 *fill*         0x000000000000c65f        0x1 
 .data          0x000000000000c660        0x0 tests/or.o
 .bss           0x000000000000c660        0x0 tests/or.o
 .riscv.attributes
                0x000000000000c660       0x1f tests/or.o
 *fill*         0x000000000000c67f        0x1 
 .data          0x000000000000c680       0x14 tests/sh.o
 .bss           0x000000000000c694        0x0 tests/sh.o
 .riscv.attributes
                0x000000000000c694       0x1f tests/sh.o
 *fill*         0x000000000000c6b3        0x1 
 .data          0x000000000000c6b4        0x0 tests/sub.o
 .bss           0x000000000000c6b4        0x0 tests/sub.o
 .riscv.attributes
                0x000000000000c6b4       0x1f tests/sub.o
 *fill*         0x000000000000c6d3        0x1 
 .data          0x000000000000c6d4        0x4 tests/lb.o
 .bss           0x000000000000c6d8        0x0 tests/lb.o
 .riscv.attributes
                0x000000000000c6d8       0x1f tests/lb.o
 *fill*         0x000000000000c6f7        0x1 
 .data          0x000000000000c6f8        0x0 tests/sra.o
 .bss           0x000000000000c6f8        0x0 tests/sra.o
 .riscv.attributes
                0x000000000000c6f8       0x1f tests/sra.o
 *fill*         0x000000000000c717        0x1 
 .data          0x000000000000c718        0x0 tests/blt.o
 .bss           0x000000000000c718        0x0 tests/blt.o
 .riscv.attributes
                0x000000000000c718       0x1f tests/blt.o
 *fill*         0x000000000000c737        0x1 
 .data          0x000000000000c738        0x0 tests/srai.o
 .bss           0x000000000000c738        0x0 tests/srai.o
 .riscv.attributes
                0x000000000000c738       0x1f tests/srai.o
 *fill*         0x000000000000c757        0x1 
 .data          0x000000000000c758        0x0 tests/beq.o
 .bss           0x000000000000c758        0x0 tests/beq.o
 .riscv.attributes
                0x000000000000c758       0x1f tests/beq.o
 *fill*         0x000000000000c777        0x1 
 .data          0x000000000000c778        0x0 tests/addi.o
 .bss           0x000000000000c778        0x0 tests/addi.o
 .riscv.attributes
                0x000000000000c778       0x1f tests/addi.o
 *fill*         0x000000000000c797        0x1 
 .data          0x000000000000c798        0x0 tests/mul.o
 .bss           0x000000000000c798        0x0 tests/mul.o
 .riscv.attributes
                0x000000000000c798       0x1f tests/mul.o
 *fill*         0x000000000000c7b7        0x1 
 .data          0x000000000000c7b8        0x0 tests/divu.o
 .bss           0x000000000000c7b8        0x0 tests/divu.o
 .riscv.attributes
                0x000000000000c7b8       0x1f tests/divu.o
 *fill*         0x000000000000c7d7        0x1 
 .data          0x000000000000c7d8       0x10 tests/lw.o
 .bss           0x000000000000c7e8        0x0 tests/lw.o
 .riscv.attributes
                0x000000000000c7e8       0x1f tests/lw.o
 *fill*         0x000000000000c807        0x1 
 .data          0x000000000000c808        0x0 tests/div.o
 .bss           0x000000000000c808        0x0 tests/div.o
 .riscv.attributes
                0x000000000000c808       0x1f tests/div.o
 *fill*         0x000000000000c827        0x1 
 .data          0x000000000000c828        0x0 tests/auipc.o
 .bss           0x000000000000c828        0x0 tests/auipc.o
 .riscv.attributes
                0x000000000000c828       0x1f tests/auipc.o
 *fill*         0x000000000000c847        0x1 
 .data          0x000000000000c848        0xa tests/sb.o
 .bss           0x000000000000c852        0x0 tests/sb.o
 .riscv.attributes
                0x000000000000c852       0x1f tests/sb.o
 *fill*         0x000000000000c871        0x3 
 .data          0x000000000000c874        0x0 tests/bgeu.o
 .bss           0x000000000000c874        0x0 tests/bgeu.o
 .riscv.attributes
                0x000000000000c874       0x1f tests/bgeu.o
 *fill*         0x000000000000c893        0x1 
 .data          0x000000000000c894        0x0 tests/jalr.o
 .bss           0x000000000000c894        0x0 tests/jalr.o
 .riscv.attributes
                0x000000000000c894       0x1f tests/jalr.o
 *fill*         0x000000000000c8b3        0x1 
 .data          0x000000000000c8b4       0x28 tests/sw.o
 .bss           0x000000000000c8dc        0x0 tests/sw.o
 .riscv.attributes
                0x000000000000c8dc       0x1f tests/sw.o
 *fill*         0x000000000000c8fb        0x1 
 .data          0x000000000000c8fc        0x0 tests/xori.o
 .bss           0x000000000000c8fc        0x0 tests/xori.o
 .riscv.attributes
                0x000000000000c8fc       0x1f tests/xori.o
 *fill*         0x000000000000c91b        0x1 
 .data          0x000000000000c91c        0x0 tests/sll.o
 .bss           0x000000000000c91c        0x0 tests/sll.o
 .riscv.attributes
                0x000000000000c91c       0x1f tests/sll.o
 *fill*         0x000000000000c93b        0x1 
 .data          0x000000000000c93c        0x0 tests/mulhu.o
 .bss           0x000000000000c93c        0x0 tests/mulhu.o
 .riscv.attributes
                0x000000000000c93c       0x1f tests/mulhu.o
 *fill*         0x000000000000c95b        0x1 
 .data          0x000000000000c95c        0x0 tests/slti.o
 .bss           0x000000000000c95c        0x0 tests/slti.o
 .riscv.attributes
                0x000000000000c95c       0x1f tests/slti.o
 *fill*         0x000000000000c97b        0x1 
 .data          0x000000000000c97c        0x0 tests/slt.o
 .bss           0x000000000000c97c        0x0 tests/slt.o
 .riscv.attributes
                0x000000000000c97c       0x1f tests/slt.o
 *fill*         0x000000000000c99b        0x1 
 .data          0x000000000000c99c        0x4 tests/lbu.o
 .bss           0x000000000000c9a0        0x0 tests/lbu.o
 .riscv.attributes
                0x000000000000c9a0       0x1f tests/lbu.o
 *fill*         0x000000000000c9bf        0x1 
 .data          0x000000000000c9c0        0x8 tests/lhu.o
 .bss           0x000000000000c9c8        0x0 tests/lhu.o
 .riscv.attributes
                0x000000000000c9c8       0x1f tests/lhu.o
 *fill*         0x000000000000c9e7        0x1 
 .data          0x000000000000c9e8        0x0 tests/lui.o
 .bss           0x000000000000c9e8        0x0 tests/lui.o
 .riscv.attributes
                0x000000000000c9e8       0x1f tests/lui.o
 *fill*         0x000000000000ca07        0x1 
 .data          0x000000000000ca08        0x0 tests/bltu.o
 .bss           0x000000000000ca08        0x0 tests/bltu.o
 .riscv.attributes
                0x000000000000ca08       0x1f tests/bltu.o
 *fill*         0x000000000000ca27        0x1 
 .data          0x000000000000ca28        0x0 tests/remu.o
 .bss           0x000000000000ca28        0x0 tests/remu.o
 .riscv.attributes
                0x000000000000ca28       0x1f tests/remu.o
 *fill*         0x000000000000ca47        0x1 
 .data          0x000000000000ca48        0x0 tests/simple.o
 .bss           0x000000000000ca48        0x0 tests/simple.o
 .riscv.attributes
                0x000000000000ca48       0x1f tests/simple.o
 *fill*         0x000000000000ca67        0x1 
 .data          0x000000000000ca68        0x0 tests/slli.o
 .bss           0x000000000000ca68        0x0 tests/slli.o
 .riscv.attributes
                0x000000000000ca68       0x1f tests/slli.o
 *fill*         0x000000000000ca87        0x1 
 .data          0x000000000000ca88        0x0 tests/andi.o
 .bss           0x000000000000ca88        0x0 tests/andi.o
 .riscv.attributes
                0x000000000000ca88       0x1f tests/andi.o
 *fill*         0x000000000000caa7        0x1 
 .data          0x000000000000caa8        0x0 tests/ori.o
 .bss           0x000000000000caa8        0x0 tests/ori.o
 .riscv.attributes
                0x000000000000caa8       0x1f tests/ori.o
 *fill*         0x000000000000cac7        0x1 
 .data          0x000000000000cac8        0x8 tests/lh.o
 .bss           0x000000000000cad0        0x0 tests/lh.o
 .riscv.attributes
                0x000000000000cad0       0x1f tests/lh.o
 *fill*         0x000000000000caef        0x1 
 .data          0x000000000000caf0        0x0 tests/srl.o
 .bss           0x000000000000caf0        0x0 tests/srl.o
 .riscv.attributes
                0x000000000000caf0       0x1f tests/srl.o
 *fill*         0x000000000000cb0f        0x1 
 .data          0x000000000000cb10        0x0 tests/jal.o
 .bss           0x000000000000cb10        0x0 tests/jal.o
 .riscv.attributes
                0x000000000000cb10       0x1f tests/jal.o
 *fill*         0x000000000000cb2f        0x1 
 .data          0x000000000000cb30        0x0 tests/add.o
 .bss           0x000000000000cb30        0x0 tests/add.o
 .riscv.attributes
                0x000000000000cb30       0x1f tests/add.o
 *fill*         0x000000000000cb4f        0x1 
 .data          0x000000000000cb50        0x0 tests/and.o
 .bss           0x000000000000cb50        0x0 tests/and.o
 .riscv.attributes
                0x000000000000cb50       0x1f tests/and.o
 *fill*         0x000000000000cb6f        0x1 
 .data          0x000000000000cb70        0x0 tests/srli.o
 .bss           0x000000000000cb70        0x0 tests/srli.o
 .riscv.attributes
                0x000000000000cb70       0x1f tests/srli.o
 *fill*         0x000000000000cb8f        0x1 
 .data          0x000000000000cb90        0x0 tests/j.o
 .bss           0x000000000000cb90        0x0 tests/j.o
 .riscv.attributes
                0x000000000000cb90       0x1f tests/j.o
 *fill*         0x000000000000cbaf        0x1 
 .data          0x000000000000cbb0        0x0 tests/bne.o
 .bss           0x000000000000cbb0        0x0 tests/bne.o
 .riscv.attributes
                0x000000000000cbb0       0x1f tests/bne.o
 *fill*         0x000000000000cbcf        0x1 
 .data          0x000000000000cbd0        0x0 tests/bge.o
 .bss           0x000000000000cbd0        0x0 tests/bge.o
 .riscv.attributes
                0x000000000000cbd0       0x1f tests/bge.o
 *fill*         0x000000000000cbef        0x1 
 .data          0x000000000000cbf0        0x0 tests/rem.o
 .bss           0x000000000000cbf0        0x0 tests/rem.o
 .riscv.attributes
                0x000000000000cbf0       0x1f tests/rem.o
 *fill*         0x000000000000cc0f        0x1 
 .data          0x000000000000cc10        0x0 tests/mulh.o
 .bss           0x000000000000cc10        0x0 tests/mulh.o
 .riscv.attributes
                0x000000000000cc10       0x1f tests/mulh.o
 *fill*         0x000000000000cc2f        0x1 
 .data          0x000000000000cc30        0x0 tests/mulhsu.o
 .bss           0x000000000000cc30        0x0 tests/mulhsu.o
 .riscv.attributes
                0x000000000000cc30       0x1f tests/mulhsu.o
 .data          0x000000000000cc4f        0x0 /opt/tools/riscv/lib/gcc/riscv32-unknown-elf/8.3.0/libgcc.a(_divdi3.o)
 .bss           0x000000000000cc4f        0x0 /opt/tools/riscv/lib/gcc/riscv32-unknown-elf/8.3.0/libgcc.a(_divdi3.o)
 .comment       0x000000000000cc4f       0x12 /opt/tools/riscv/lib/gcc/riscv32-unknown-elf/8.3.0/libgcc.a(_divdi3.o)
 *fill*         0x000000000000cc4f        0x1 
 .eh_frame      0x000000000000cc50       0x64 /opt/tools/riscv/lib/gcc/riscv32-unknown-elf/8.3.0/libgcc.a(_divdi3.o)
 .riscv.attributes
                0x000000000000ccb4       0x1c /opt/tools/riscv/lib/gcc/riscv32-unknown-elf/8.3.0/libgcc.a(_divdi3.o)
 .data          0x000000000000ccd0        0x0 /opt/tools/riscv/lib/gcc/riscv32-unknown-elf/8.3.0/libgcc.a(_moddi3.o)
 .bss           0x000000000000ccd0        0x0 /opt/tools/riscv/lib/gcc/riscv32-unknown-elf/8.3.0/libgcc.a(_moddi3.o)
 .comment       0x000000000000ccd0       0x12 /opt/tools/riscv/lib/gcc/riscv32-unknown-elf/8.3.0/libgcc.a(_moddi3.o)
 .eh_frame      0x000000000000ccd0       0x68 /opt/tools/riscv/lib/gcc/riscv32-unknown-elf/8.3.0/libgcc.a(_moddi3.o)
 .riscv.attributes
                0x000000000000cd38       0x1c /opt/tools/riscv/lib/gcc/riscv32-unknown-elf/8.3.0/libgcc.a(_moddi3.o)
 .data          0x000000000000cd54        0x0 /opt/tools/riscv/lib/gcc/riscv32-unknown-elf/8.3.0/libgcc.a(_udivdi3.o)
 .bss           0x000000000000cd54        0x0 /opt/tools/riscv/lib/gcc/riscv32-unknown-elf/8.3.0/libgcc.a(_udivdi3.o)
 .comment       0x000000000000cd54       0x12 /opt/tools/riscv/lib/gcc/riscv32-unknown-elf/8.3.0/libgcc.a(_udivdi3.o)
 .eh_frame      0x000000000000cd54       0x60 /opt/tools/riscv/lib/gcc/riscv32-unknown-elf/8.3.0/libgcc.a(_udivdi3.o)
 .riscv.attributes
                0x000000000000cdb4       0x1c /opt/tools/riscv/lib/gcc/riscv32-unknown-elf/8.3.0/libgcc.a(_udivdi3.o)
 .data          0x000000000000cdd0        0x0 /opt/tools/riscv/lib/gcc/riscv32-unknown-elf/8.3.0/libgcc.a(_umoddi3.o)
 .bss           0x000000000000cdd0        0x0 /opt/tools/riscv/lib/gcc/riscv32-unknown-elf/8.3.0/libgcc.a(_umoddi3.o)
 .comment       0x000000000000cdd0       0x12 /opt/tools/riscv/lib/gcc/riscv32-unknown-elf/8.3.0/libgcc.a(_umoddi3.o)
 .eh_frame      0x000000000000cdd0       0x64 /opt/tools/riscv/lib/gcc/riscv32-unknown-elf/8.3.0/libgcc.a(_umoddi3.o)
 .riscv.attributes
                0x000000000000ce34       0x1c /opt/tools/riscv/lib/gcc/riscv32-unknown-elf/8.3.0/libgcc.a(_umoddi3.o)
 .data          0x000000000000ce50        0x0 /opt/tools/riscv/lib/gcc/riscv32-unknown-elf/8.3.0/libgcc.a(muldi3.o)
 .bss           0x000000000000ce50        0x0 /opt/tools/riscv/lib/gcc/riscv32-unknown-elf/8.3.0/libgcc.a(muldi3.o)
 .riscv.attributes
                0x000000000000ce50       0x1a /opt/tools/riscv/lib/gcc/riscv32-unknown-elf/8.3.0/libgcc.a(muldi3.o)
 .data          0x000000000000ce6a        0x0 /opt/tools/riscv/lib/gcc/riscv32-unknown-elf/8.3.0/libgcc.a(multi3.o)
 .bss           0x000000000000ce6a        0x0 /opt/tools/riscv/lib/gcc/riscv32-unknown-elf/8.3.0/libgcc.a(multi3.o)
 .comment       0x000000000000ce6a       0x12 /opt/tools/riscv/lib/gcc/riscv32-unknown-elf/8.3.0/libgcc.a(multi3.o)
 .riscv.attributes
                0x000000000000ce6a       0x1c /opt/tools/riscv/lib/gcc/riscv32-unknown-elf/8.3.0/libgcc.a(multi3.o)
 .data          0x000000000000ce86        0x0 /opt/tools/riscv/lib/gcc/riscv32-unknown-elf/8.3.0/libgcc.a(div.o)
 .bss           0x000000000000ce86        0x0 /opt/tools/riscv/lib/gcc/riscv32-unknown-elf/8.3.0/libgcc.a(div.o)
 .riscv.attributes
                0x000000000000ce86       0x1a /opt/tools/riscv/lib/gcc/riscv32-unknown-elf/8.3.0/libgcc.a(div.o)
 .data          0x000000000000cea0        0x0 /opt/tools/riscv/lib/gcc/riscv32-unknown-elf/8.3.0/libgcc.a(_clz.o)
 .bss           0x000000000000cea0        0x0 /opt/tools/riscv/lib/gcc/riscv32-unknown-elf/8.3.0/libgcc.a(_clz.o)
 .rodata        0x000000000000cea0      0x100 /opt/tools/riscv/lib/gcc/riscv32-unknown-elf/8.3.0/libgcc.a(_clz.o)
                0x000000000000cea0                __clz_tab
 .comment       0x000000000000cfa0       0x12 /opt/tools/riscv/lib/gcc/riscv32-unknown-elf/8.3.0/libgcc.a(_clz.o)
 .riscv.attributes
                0x000000000000cfa0       0x1c /opt/tools/riscv/lib/gcc/riscv32-unknown-elf/8.3.0/libgcc.a(_clz.o)
                0x000000000000cfbc                end = .
                0x000000000000cfbc                . = ALIGN (0x4)
LOAD firmware/start.o
LOAD firmware/irq.o
LOAD firmware/print.o
LOAD firmware/hello.o
LOAD firmware/sieve.o
LOAD firmware/multest.o
LOAD firmware/stats.o
LOAD tests/xor.o
LOAD tests/or.o
LOAD tests/sh.o
LOAD tests/sub.o
LOAD tests/lb.o
LOAD tests/sra.o
LOAD tests/blt.o
LOAD tests/srai.o
LOAD tests/beq.o
LOAD tests/addi.o
LOAD tests/mul.o
LOAD tests/divu.o
LOAD tests/lw.o
LOAD tests/div.o
LOAD tests/auipc.o
LOAD tests/sb.o
LOAD tests/bgeu.o
LOAD tests/jalr.o
LOAD tests/sw.o
LOAD tests/xori.o
LOAD tests/sll.o
LOAD tests/mulhu.o
LOAD tests/slti.o
LOAD tests/slt.o
LOAD tests/lbu.o
LOAD tests/lhu.o
LOAD tests/lui.o
LOAD tests/bltu.o
LOAD tests/remu.o
LOAD tests/simple.o
LOAD tests/slli.o
LOAD tests/andi.o
LOAD tests/ori.o
LOAD tests/lh.o
LOAD tests/srl.o
LOAD tests/jal.o
LOAD tests/add.o
LOAD tests/and.o
LOAD tests/srli.o
LOAD tests/j.o
LOAD tests/bne.o
LOAD tests/bge.o
LOAD tests/rem.o
LOAD tests/mulh.o
LOAD tests/mulhsu.o
LOAD /opt/tools/riscv/lib/gcc/riscv32-unknown-elf/8.3.0/libgcc.a
OUTPUT(firmware/firmware.elf elf32-littleriscv)
